{"title":"Result","yAxis":[{"height":"70%","id":"capital"},{"top":"70%","height":"30%","id":"positions"}],"series":[{"yAxis":"capital","type":"area","name":"aapl","fillOpacity":1,"data":[[1539043200000,0],[1539129600000,0],[1539216000000,0],[1539302400000,0],[1539561600000,0],[1539648000000,0],[1539734400000,0],[1539820800000,0],[1539907200000,0],[1540166400000,0],[1540252800000,0],[1540339200000,0],[1540425600000,0],[1540512000000,0],[1540771200000,0],[1540857600000,0],[1540944000000,0],[1541030400000,0],[1541116800000,0],[1541376000000,0],[1541462400000,0],[1541548800000,0],[1541635200000,0],[1541721600000,0],[1541980800000,0],[1542067200000,0],[1542153600000,0],[1542240000000,0],[1542326400000,0],[1542585600000,0],[1542672000000,0],[1542758400000,0],[1542931200000,0],[1543190400000,0],[1543276800000,0],[1543363200000,0],[1543449600000,0],[1543536000000,0],[1543795200000,0],[1543881600000,0],[1544054400000,0],[1544140800000,0],[1544400000000,0],[1544486400000,0],[1544572800000,0],[1544659200000,0],[1544745600000,0],[1545004800000,0],[1545091200000,0],[1545177600000,0],[1545264000000,0],[1545350400000,0],[1545609600000,0],[1545782400000,0],[1545868800000,0],[1545955200000,0],[1546214400000,0],[1546387200000,0],[1546473600000,0],[1546560000000,0],[1546819200000,0],[1546905600000,0],[1546992000000,0],[1547078400000,0],[1547164800000,29544.258642],[1547424000000,29100],[1547510400000,0],[1547596800000,29593.540382],[1547683200000,29769.260191],[1547769600000,29952.621337],[1548115200000,29280.300573],[1548201600000,29398.719618],[1548288000000,29165.699427],[1548374400000,30132.159045],[1548633600000,29853.300573],[1548720000000,39752.758201],[1548806400000,42469.25],[1548892800000,42775.080514],[1548979200000,42795.641028],[1549238400000,44011.25],[1549324800000,52950.717871999994],[1549411200000,52968.96152],[1549497600000,51965.760608],[1549584000000,51804.641215999996],[1549843200000,51506.717872],[1549929600000,60324.169646999995],[1550016000000,60073.537529],[1550102400000,60292.401059],[1550188800000,60158.259294],[1550534400000,60338.287529],[1550620800000,60726.589647],[1550707200000,60384.179294],[1550793600000,61058.410353],[1551052800000,61503.188588000005],[1551139200000,60841.170698],[1551225600000,61029.628254999996],[1551312000000,60429.347905999995],[1551398400000,0],[1551657600000,0],[1551744000000,0],[1551830400000,0],[1551916800000,0],[1552003200000,0],[1552262400000,0],[1552348800000,48122.061063999994],[1552435200000,48334.861862],[1552521600000,48872.178936],[1552608000000,49507.91867],[1552867200000,50013.321064],[1552953600000,48684.329739],[1553040000000,49109.761044],[1553126400000,50918.488956],[1553212800000,49864.050783],[1553472000000,49261.141305],[1553558400000,48938.978166],[1553644800000,49379.140262],[1553731200000,49444.640262],[1553817600000,49766.899214],[1554076800000,50104.88131],[1554163200000,46952.840968],[1554249600000,47274.701452],[1554336000000,47356.98048399999],[1554422400000,47674],[1554681600000,48424.201452],[1554768000000,46683],[1554854400000,46945.07883],[1554940800000,46554.299298],[1555027200000,46535.57883],[1555286400000,0],[1555372800000,47023],[1555459200000,47938.68118],[1555545600000,48110.960236],[1555891200000,48269.079764],[1555977600000,50002.679036],[1556064000000,49925.560964],[1556150400000,49472.479759],[1556236800000,49236.300723],[1556496000000,49311.010241],[1556582400000,48562.139515999996],[1556668800000,0],[1556755200000,51241.74853],[1556841600000,51878.75],[1557100800000,51077.59902],[1557187200000,0],[1557273600000,0],[1557360000000,0],[1557446400000,0],[1557705600000,0],[1557792000000,0],[1557878400000,0],[1557964800000,0],[1558051200000,0],[1558310400000,0],[1558396800000,0],[1558483200000,0],[1558569600000,0],[1558656000000,0],[1559001600000,0],[1559088000000,0],[1559174400000,0],[1559260800000,0],[1559520000000,0],[1559606400000,0],[1559692800000,0],[1559779200000,0],[1559865600000,69785.04779799999],[1560124800000,70676.860734],[1560211200000,58832.619396],[1560297600000,58645.380604],[1560384000000,58633.298188],[1560470400000,58207.48151],[1560729600000,58554.779698],[1560816000000,58145.849121],[1560902400000,57975.908534999995],[1560988800000,58441.782050999995],[1561075200000,58242.539706999996],[1561334400000,58183.940586],[1561420800000,53586.181918],[1561507200000,54745.200822],[1561593600000,54728.76137],[1561680000000,54230.079452],[1561939200000,55224.700822],[1562025600000,54128.908932],[1562112000000,54577.47106799999],[1562284800000,54529.408932],[1562544000000,53405.341067999994],[1562630400000,0],[1562716800000,0],[1562803200000,0],[1562889600000,0],[1563148800000,0],[1563235200000,51329.5],[1563321600000,51040.851506000006],[1563408000000,51620.661004],[1563494400000,50850.088996000006],[1563753600000,52012.220251],[1563840000000,54298.39896],[1563926400000,54254.199479999996],[1564012800000,53825.20104],[1564099200000,54012.4013],[1564358400000,54516.79818],[1564444800000,64095.459693],[1564531200000,65403.277851],[1564617600000,63988.007850999995],[1564704000000,62634.141228],[1564963200000,0],[1565049600000,0],[1565136000000,0],[1565222400000,0],[1565308800000,0],[1565568000000,0],[1565654400000,0],[1565740800000,0],[1565827200000,0],[1565913600000,0],[1566172800000,0],[1566259200000,66053.040314],[1566345600000,66768.95968599999],[1566432000000,66712.44219799999],[1566518400000,63628.959685999995],[1566777600000,0],[1566864000000,0],[1566950400000,69469.139662],[1567036800000,0],[1567123200000,70136.64168],[1567468800000,69115.198992],[1567555200000,70287.840672],[1567641600000,71662.079664],[1567728000000,71655.35832],[1567987200000,71961.119328],[1568073600000,61326.099151],[1568160000000,63275.968868],[1568246400000,63134.468868],[1568332800000,61906.25],[1568592000000,62231.698302],[1568678400000,56499.199232],[1568764800000,57029.121024],[1568851200000,56565.761792],[1568937600000,55738.878976],[1569196800000,55992.320256],[1569283200000,57902.878138],[1569369600000,58793.97973400001],[1569456000000,58490.739734],[1569542400000,58206.12186200001],[1569801600000,59576.020266],[1569888000000,68499.94878],[1569974400000,66782.80213499999],[1570060800000,0],[1570147200000,0],[1570406400000,71296.839372],[1570492800000,70685.99811],[1570579200000,0]],"stack":"capital"},{"yAxis":"capital","type":"area","name":"amzn","fillOpacity":1,"data":[[1539043200000,0],[1539129600000,0],[1539216000000,0],[1539302400000,0],[1539561600000,0],[1539648000000,0],[1539734400000,0],[1539820800000,0],[1539907200000,0],[1540166400000,0],[1540252800000,0],[1540339200000,0],[1540425600000,0],[1540512000000,0],[1540771200000,0],[1540857600000,0],[1540944000000,0],[1541030400000,0],[1541116800000,0],[1541376000000,0],[1541462400000,0],[1541548800000,0],[1541635200000,0],[1541721600000,0],[1541980800000,0],[1542067200000,0],[1542153600000,57564.36036],[1542240000000,0],[1542326400000,0],[1542585600000,0],[1542672000000,0],[1542758400000,0],[1542931200000,0],[1543190400000,0],[1543276800000,0],[1543363200000,60399],[1543449600000,60248.518056],[1543536000000,60846.121584],[1543795200000,63804.959460000005],[1543881600000,56725.600816],[1544054400000,57772.457994],[1544140800000,0],[1544400000000,60718.111073],[1544486400000,0],[1544572800000,61550.981443],[1544659200000,61360.060185],[1544745600000,58900.671258],[1545004800000,56273.671258],[1545091200000,0],[1545177600000,0],[1545264000000,0],[1545350400000,0],[1545609600000,0],[1545782400000,0],[1545868800000,0],[1545955200000,0],[1546214400000,0],[1546387200000,0],[1546473600000,0],[1546560000000,0],[1546819200000,0],[1546905600000,57980.29846],[1546992000000,58079.701539999995],[1547078400000,57967.698984999995],[1547164800000,57419.60206499999],[1547424000000,56602.348635],[1547510400000,58609.60206499999],[1547596800000,58932.301015],[1547683200000,59262.698984999995],[1547769600000,59366.998285],[1548115200000,57125.951539999995],[1548201600000,57400.700699999994],[1548288000000,57922.551889999995],[1548374400000,58469.94811],[1548633600000,57326.150525],[1548720000000,44628.640139999996],[1548806400000,0],[1548892800000,0],[1548979200000,0],[1549238400000,0],[1549324800000,0],[1549411200000,0],[1549497600000,0],[1549584000000,0],[1549843200000,0],[1549929600000,0],[1550016000000,0],[1550102400000,29207.700432],[1550188800000,0],[1550534400000,0],[1550620800000,0],[1550707200000,0],[1550793600000,0],[1551052800000,29394],[1551139200000,27818.800408],[1551225600000,27898.529422],[1551312000000,27877.109252],[1551398400000,28419.40966],[1551657600000,28834.890747999998],[1551744000000,38925.891242],[1551830400000,38385.848873],[1551916800000,37396.848873],[1552003200000,37278.401127000005],[1552262400000,38424.25988500001],[1552348800000,43500.599376],[1552435200000,43961.061534],[1552521600000,43841.719246],[1552608000000,44521.35961],[1552867200000,45295.900624],[1552953600000,45808.099376],[1553040000000,46729.02052],[1553126400000,47300.76026],[1553212800000,45884.02052],[1553472000000,46130.76026],[1553558400000,46377.76026],[1553644800000,45908.198726],[1553731200000,46108.921144],[1553817600000,46299.5],[1554076800000,47168.93846600001],[1554163200000,50791.43944],[1554249600000,50979.598628],[1554336000000,50928.07958],[1554422400000,51443.840811999995],[1554681600000,51796.07958],[1554768000000,51403.519047999995],[1554854400000,51725.238767999996],[1554940800000,51633.958488],[1555027200000,51605.68165199999],[1555286400000,0],[1555372800000,0],[1555459200000,52214.958488000004],[1555545600000,52127.318348],[1555891200000,52844.681652],[1555977600000,51941.790539999995],[1556064000000,51347.25],[1556150400000,51360.75],[1556236800000,52667.010135],[1556496000000,52337.611458],[1556582400000,52016.040539999995],[1556668800000,51611.040539999995],[1556755200000,51322.138542],[1556841600000,52986.418947],[1557100800000,52664.851322999995],[1557187200000,51867],[1557273600000,51779.790539999995],[1557360000000,51296.489864999996],[1557446400000,0],[1557705600000,0],[1557792000000,0],[1557878400000,0],[1557964800000,0],[1558051200000,0],[1558310400000,0],[1558396800000,0],[1558483200000,0],[1558569600000,0],[1558656000000,0],[1559001600000,0],[1559088000000,0],[1559174400000,0],[1559260800000,0],[1559520000000,0],[1559606400000,0],[1559692800000,0],[1559779200000,0],[1559865600000,0],[1560124800000,0],[1560211200000,44728.798824],[1560297600000,44527.678704000005],[1560384000000,44887.201176],[1560470400000,44872.081055999995],[1560729600000,45264.720696000004],[1560816000000,47534.249875],[1560902400000,47719.750975],[1560988800000,47954.748525],[1561075200000,47782.501225],[1561334400000,47847.5006],[1561420800000,50713.29054],[1561507200000,51241.408812],[1561593600000,51415.560783],[1561680000000,51128.010135000004],[1561939200000,51899.128407000004],[1562025600000,52226.371593],[1562112000000,52353],[1562284800000,52458.570918000005],[1562544000000,52712.63854200001],[1562630400000,53684.101323],[1562716800000,54470.070918000005],[1562803200000,54028.88854200001],[1562889600000,54297],[1563148800000,54566.72973000001],[1563235200000,56277.200672],[1563321600000,55776.840811999995],[1563408000000,55381.200672],[1563494400000,0],[1563753600000,57583.270145],[1563840000000,0],[1563926400000,54021.871592999996],[1564012800000,53293.138542],[1564099200000,52462.351322999995],[1564358400000,0],[1564444800000,0],[1564531200000,0],[1564617600000,0],[1564704000000,0],[1564963200000,0],[1565049600000,0],[1565136000000,0],[1565222400000,0],[1565308800000,0],[1565568000000,0],[1565654400000,0],[1565740800000,0],[1565827200000,0],[1565913600000,0],[1566172800000,0],[1566259200000,39630.36011],[1566345600000,40117.880858],[1566432000000,39702.520748],[1566518400000,38491.63989],[1566777600000,0],[1566864000000,0],[1566950400000,33520.75],[1567036800000,33941.600456],[1567123200000,33749.510741],[1567468800000,34006.959354],[1567555200000,34211.779905],[1567641600000,34973.679449],[1567728000000,34836.69019],[1567987200000,34795.649544],[1568073600000,45513.751225],[1568160000000,45574.74975],[1568246400000,46088.751225],[1568332800000,45983.49915],[1568592000000,45195.99915],[1568678400000,51031.401372],[1568764800000,50888.878908],[1568851200000,51002],[1568937600000,50236.480952],[1569196800000,0],[1569283200000,0],[1569369600000,0],[1569456000000,0],[1569542400000,0],[1569801600000,0],[1569888000000,0],[1569974400000,0],[1570060800000,0],[1570147200000,0],[1570406400000,0],[1570492800000,0],[1570579200000,0]],"stack":"capital"},{"data":[[1539043200000,100000],[1539129600000,100000],[1539216000000,100000],[1539302400000,100000],[1539561600000,100000],[1539648000000,100000],[1539734400000,100000],[1539820800000,100000],[1539907200000,100000],[1540166400000,100000],[1540252800000,100000],[1540339200000,100000],[1540425600000,100000],[1540512000000,100000],[1540771200000,100000],[1540857600000,100000],[1540944000000,100000],[1541030400000,100000],[1541116800000,100000],[1541376000000,100000],[1541462400000,100000],[1541548800000,100000],[1541635200000,100000],[1541721600000,100000],[1541980800000,100000],[1542067200000,100000],[1542153600000,40372.481944],[1542240000000,97288.84230399999],[1542326400000,97288.84230399999],[1542585600000,97288.84230399999],[1542672000000,97288.84230399999],[1542758400000,97288.84230399999],[1542931200000,97288.84230399999],[1543190400000,97288.84230399999],[1543276800000,97288.84230399999],[1543363200000,39187.72071999999],[1543449600000,39187.72071999999],[1543536000000,39187.72071999999],[1543795200000,39187.72071999999],[1543881600000,42699.72071999999],[1544054400000,42699.72071999999],[1544140800000,100672.09888399999],[1544400000000,40590.020141999994],[1544486400000,102676.020142],[1544572800000,40923.020141999994],[1544659200000,40923.020141999994],[1544745600000,40923.020141999994],[1545004800000,40923.020141999994],[1545091200000,97903.020142],[1545177600000,97903.020142],[1545264000000,97903.020142],[1545350400000,97903.020142],[1545609600000,97903.020142],[1545782400000,97903.020142],[1545868800000,97903.020142],[1545955200000,97903.020142],[1546214400000,97903.020142],[1546387200000,97903.020142],[1546473600000,97903.020142],[1546560000000,97903.020142],[1546819200000,97903.020142],[1546905600000,39638.87220699999],[1546992000000,39638.87220699999],[1547078400000,39638.87220699999],[1547164800000,9980.151236999991],[1547424000000,9980.151236999991],[1547510400000,39132.532013],[1547596800000,9894.251631],[1547683200000,9894.251631],[1547769600000,9894.251631],[1548115200000,9894.251631],[1548201600000,9894.251631],[1548288000000,9894.251631],[1548374400000,9894.251631],[1548633600000,9894.251631],[1548720000000,11000.641770999988],[1548806400000,56444.64177099999],[1548892800000,56444.64177099999],[1548979200000,56444.64177099999],[1549238400000,56444.64177099999],[1549324800000,48320.22172399999],[1549411200000,48320.22172399999],[1549497600000,48320.22172399999],[1549584000000,48320.22172399999],[1549843200000,48320.22172399999],[1549929600000,39985.32142999998],[1550016000000,39985.32142999998],[1550102400000,10744.321429999989],[1550188800000,40045.80115999998],[1550534400000,40045.80115999998],[1550620800000,40045.80115999998],[1550707200000,40045.80115999998],[1550793600000,40045.80115999998],[1551052800000,10499.702041999983],[1551139200000,12820.522049999992],[1551225600000,12820.522049999992],[1551312000000,12820.522049999992],[1551398400000,73644.24170099999],[1551657600000,73644.24170099999],[1551744000000,63426.54199499999],[1551830400000,63426.54199499999],[1551916800000,63426.54199499999],[1552003200000,63426.54199499999],[1552262400000,63426.54199499999],[1552348800000,10539.541994999992],[1552435200000,10539.541994999992],[1552521600000,10539.541994999992],[1552608000000,10539.541994999992],[1552867200000,10539.541994999992],[1552953600000,11481.292024999988],[1553040000000,11481.292024999988],[1553126400000,11481.292024999988],[1553212800000,11481.292024999988],[1553472000000,11481.292024999988],[1553558400000,11289.632020999998],[1553644800000,11289.632020999998],[1553731200000,11289.632020999998],[1553817600000,11289.632020999998],[1554076800000,11289.632020999998],[1554163200000,11489.391900999995],[1554249600000,11489.391900999995],[1554336000000,11489.391900999995],[1554422400000,11489.391900999995],[1554681600000,11489.391900999995],[1554768000000,13091.951956999983],[1554854400000,13091.951956999983],[1554940800000,13091.951956999983],[1555027200000,13091.951956999983],[1555286400000,111135.672425],[1555372800000,64063.110773],[1555459200000,11619.391053],[1555545600000,11619.391053],[1555891200000,11619.391053],[1555977600000,12488.441038999998],[1556064000000,12488.441038999998],[1556150400000,12488.441038999998],[1556236800000,12488.441038999998],[1556496000000,12488.441038999998],[1556582400000,12285.381041],[1556668800000,63076.342251],[1556755200000,11665.543230999989],[1556841600000,11665.543230999989],[1557100800000,11665.543230999989],[1557187200000,62106.144456],[1557273600000,62106.144456],[1557360000000,62106.144456],[1557446400000,113352.14445600001],[1557705600000,113352.14445600001],[1557792000000,113352.14445600001],[1557878400000,113352.14445600001],[1557964800000,113352.14445600001],[1558051200000,113352.14445600001],[1558310400000,113352.14445600001],[1558396800000,113352.14445600001],[1558483200000,113352.14445600001],[1558569600000,113352.14445600001],[1558656000000,113352.14445600001],[1559001600000,113352.14445600001],[1559088000000,113352.14445600001],[1559174400000,113352.14445600001],[1559260800000,113352.14445600001],[1559520000000,113352.14445600001],[1559606400000,113352.14445600001],[1559692800000,113352.14445600001],[1559779200000,113352.14445600001],[1559865600000,44902.97629100001],[1560124800000,44902.97629100001],[1560211200000,12370.876356000008],[1560297600000,12370.876356000008],[1560384000000,12370.876356000008],[1560470400000,12370.876356000008],[1560729600000,12370.876356000008],[1560816000000,12233.976407000024],[1560902400000,12233.976407000024],[1560988800000,12233.976407000024],[1561075200000,12233.976407000024],[1561334400000,12233.976407000024],[1561420800000,12180.466342000014],[1561507200000,12180.466342000014],[1561593600000,12180.466342000014],[1561680000000,12180.466342000014],[1561939200000,12180.466342000014],[1562025600000,13590.336370000019],[1562112000000,13590.336370000019],[1562284800000,13590.336370000019],[1562544000000,13590.336370000019],[1562630400000,66776.73556900001],[1562716800000,66776.73556900001],[1562803200000,66776.73556900001],[1562889600000,66776.73556900001],[1563148800000,66776.73556900001],[1563235200000,13414.066617000011],[1563321600000,13414.066617000011],[1563408000000,13414.066617000011],[1563494400000,69167.94552500002],[1563753600000,12004.885090000018],[1563840000000,68012.45473700002],[1563926400000,14841.353414000027],[1564012800000,14841.353414000027],[1564099200000,14841.353414000027],[1564358400000,66951.35341400003],[1564444800000,57139.633649000025],[1564531200000,57139.633649000025],[1564617600000,57139.633649000025],[1564704000000,57139.633649000025],[1564963200000,117922.56518400002],[1565049600000,117922.56518400002],[1565136000000,117922.56518400002],[1565222400000,117922.56518400002],[1565308800000,117922.56518400002],[1565568000000,117922.56518400002],[1565654400000,117922.56518400002],[1565740800000,117922.56518400002],[1565827200000,117922.56518400002],[1565913600000,117922.56518400002],[1566172800000,117922.56518400002],[1566259200000,11787.24361400002],[1566345600000,11787.24361400002],[1566432000000,11787.24361400002],[1566518400000,11787.24361400002],[1566777600000,115299.30467600001],[1566864000000,115299.30467600001],[1566950400000,12968.502648000009],[1567036800000,83441.50264800001],[1567123200000,12827.74130400001],[1567468800000,12827.74130400001],[1567555200000,12827.74130400001],[1567641600000,12827.74130400001],[1567728000000,12827.74130400001],[1567987200000,12827.74130400001],[1568073600000,13225.821357000008],[1568160000000,13225.821357000008],[1568246400000,13225.821357000008],[1568332800000,13225.821357000008],[1568592000000,13225.821357000008],[1568678400000,13743.501678],[1568764800000,13743.501678],[1568851200000,13743.501678],[1568937600000,13743.501678],[1569196800000,63499.501678],[1569283200000,61289.201687999994],[1569369600000,61289.201687999994],[1569456000000,61289.201687999994],[1569542400000,61289.201687999994],[1569801600000,61289.201687999994],[1569888000000,52511.47141500001],[1569974400000,52511.47141500001],[1570060800000,119132.61928],[1570147200000,119132.61928],[1570406400000,48083.838024],[1570492800000,47858.018016999995],[1570579200000,119372.467702]],"name":"cash","type":"area","yAxis":"capital","fillOpacity":1,"stack":"capital"},{"yAxis":"positions","type":"area","fillOpacity":1,"stack":"positions","name":"aapl","data":[[1539043200000,0],[1539129600000,0],[1539216000000,0],[1539302400000,0],[1539561600000,0],[1539648000000,0],[1539734400000,0],[1539820800000,0],[1539907200000,0],[1540166400000,0],[1540252800000,0],[1540339200000,0],[1540425600000,0],[1540512000000,0],[1540771200000,0],[1540857600000,0],[1540944000000,0],[1541030400000,0],[1541116800000,0],[1541376000000,0],[1541462400000,0],[1541548800000,0],[1541635200000,0],[1541721600000,0],[1541980800000,0],[1542067200000,0],[1542153600000,0],[1542240000000,0],[1542326400000,0],[1542585600000,0],[1542672000000,0],[1542758400000,0],[1542931200000,0],[1543190400000,0],[1543276800000,0],[1543363200000,0],[1543449600000,0],[1543536000000,0],[1543795200000,0],[1543881600000,0],[1544054400000,0],[1544140800000,0],[1544400000000,0],[1544486400000,0],[1544572800000,0],[1544659200000,0],[1544745600000,0],[1545004800000,0],[1545091200000,0],[1545177600000,0],[1545264000000,0],[1545350400000,0],[1545609600000,0],[1545782400000,0],[1545868800000,0],[1545955200000,0],[1546214400000,0],[1546387200000,0],[1546473600000,0],[1546560000000,0],[1546819200000,0],[1546905600000,0],[1546992000000,0],[1547078400000,0],[1547164800000,194],[1547424000000,194],[1547510400000,0],[1547596800000,191],[1547683200000,191],[1547769600000,191],[1548115200000,191],[1548201600000,191],[1548288000000,191],[1548374400000,191],[1548633600000,191],[1548720000000,257],[1548806400000,257],[1548892800000,257],[1548979200000,257],[1549238400000,257],[1549324800000,304],[1549411200000,304],[1549497600000,304],[1549584000000,304],[1549843200000,304],[1549929600000,353],[1550016000000,353],[1550102400000,353],[1550188800000,353],[1550534400000,353],[1550620800000,353],[1550707200000,353],[1550793600000,353],[1551052800000,353],[1551139200000,349],[1551225600000,349],[1551312000000,349],[1551398400000,0],[1551657600000,0],[1551744000000,0],[1551830400000,0],[1551916800000,0],[1552003200000,0],[1552262400000,0],[1552348800000,266],[1552435200000,266],[1552521600000,266],[1552608000000,266],[1552867200000,266],[1552953600000,261],[1553040000000,261],[1553126400000,261],[1553212800000,261],[1553472000000,261],[1553558400000,262],[1553644800000,262],[1553731200000,262],[1553817600000,262],[1554076800000,262],[1554163200000,242],[1554249600000,242],[1554336000000,242],[1554422400000,242],[1554681600000,242],[1554768000000,234],[1554854400000,234],[1554940800000,234],[1555027200000,234],[1555286400000,0],[1555372800000,236],[1555459200000,236],[1555545600000,236],[1555891200000,236],[1555977600000,241],[1556064000000,241],[1556150400000,241],[1556236800000,241],[1556496000000,241],[1556582400000,242],[1556668800000,0],[1556755200000,245],[1556841600000,245],[1557100800000,245],[1557187200000,0],[1557273600000,0],[1557360000000,0],[1557446400000,0],[1557705600000,0],[1557792000000,0],[1557878400000,0],[1557964800000,0],[1558051200000,0],[1558310400000,0],[1558396800000,0],[1558483200000,0],[1558569600000,0],[1558656000000,0],[1559001600000,0],[1559088000000,0],[1559174400000,0],[1559260800000,0],[1559520000000,0],[1559606400000,0],[1559692800000,0],[1559779200000,0],[1559865600000,367],[1560124800000,367],[1560211200000,302],[1560297600000,302],[1560384000000,302],[1560470400000,302],[1560729600000,302],[1560816000000,293],[1560902400000,293],[1560988800000,293],[1561075200000,293],[1561334400000,293],[1561420800000,274],[1561507200000,274],[1561593600000,274],[1561680000000,274],[1561939200000,274],[1562025600000,267],[1562112000000,267],[1562284800000,267],[1562544000000,267],[1562630400000,0],[1562716800000,0],[1562803200000,0],[1562889600000,0],[1563148800000,0],[1563235200000,251],[1563321600000,251],[1563408000000,251],[1563494400000,251],[1563753600000,251],[1563840000000,260],[1563926400000,260],[1564012800000,260],[1564099200000,260],[1564358400000,260],[1564444800000,307],[1564531200000,307],[1564617600000,307],[1564704000000,307],[1564963200000,0],[1565049600000,0],[1565136000000,0],[1565222400000,0],[1565308800000,0],[1565568000000,0],[1565654400000,0],[1565740800000,0],[1565827200000,0],[1565913600000,0],[1566172800000,0],[1566259200000,314],[1566345600000,314],[1566432000000,314],[1566518400000,314],[1566777600000,0],[1566864000000,0],[1566950400000,338],[1567036800000,0],[1567123200000,336],[1567468800000,336],[1567555200000,336],[1567641600000,336],[1567728000000,336],[1567987200000,336],[1568073600000,283],[1568160000000,283],[1568246400000,283],[1568332800000,283],[1568592000000,283],[1568678400000,256],[1568764800000,256],[1568851200000,256],[1568937600000,256],[1569196800000,256],[1569283200000,266],[1569369600000,266],[1569456000000,266],[1569542400000,266],[1569801600000,266],[1569888000000,305],[1569974400000,305],[1570060800000,0],[1570147200000,0],[1570406400000,314],[1570492800000,315],[1570579200000,0]]},{"yAxis":"positions","type":"area","fillOpacity":1,"stack":"positions","name":"amzn","data":[[1539043200000,0],[1539129600000,0],[1539216000000,0],[1539302400000,0],[1539561600000,0],[1539648000000,0],[1539734400000,0],[1539820800000,0],[1539907200000,0],[1540166400000,0],[1540252800000,0],[1540339200000,0],[1540425600000,0],[1540512000000,0],[1540771200000,0],[1540857600000,0],[1540944000000,0],[1541030400000,0],[1541116800000,0],[1541376000000,0],[1541462400000,0],[1541548800000,0],[1541635200000,0],[1541721600000,0],[1541980800000,0],[1542067200000,0],[1542153600000,36],[1542240000000,0],[1542326400000,0],[1542585600000,0],[1542672000000,0],[1542758400000,0],[1542931200000,0],[1543190400000,0],[1543276800000,0],[1543363200000,36],[1543449600000,36],[1543536000000,36],[1543795200000,36],[1543881600000,34],[1544054400000,34],[1544140800000,0],[1544400000000,37],[1544486400000,0],[1544572800000,37],[1544659200000,37],[1544745600000,37],[1545004800000,37],[1545091200000,0],[1545177600000,0],[1545264000000,0],[1545350400000,0],[1545609600000,0],[1545782400000,0],[1545868800000,0],[1545955200000,0],[1546214400000,0],[1546387200000,0],[1546473600000,0],[1546560000000,0],[1546819200000,0],[1546905600000,35],[1546992000000,35],[1547078400000,35],[1547164800000,35],[1547424000000,35],[1547510400000,35],[1547596800000,35],[1547683200000,35],[1547769600000,35],[1548115200000,35],[1548201600000,35],[1548288000000,35],[1548374400000,35],[1548633600000,35],[1548720000000,28],[1548806400000,0],[1548892800000,0],[1548979200000,0],[1549238400000,0],[1549324800000,0],[1549411200000,0],[1549497600000,0],[1549584000000,0],[1549843200000,0],[1549929600000,0],[1550016000000,0],[1550102400000,18],[1550188800000,0],[1550534400000,0],[1550620800000,0],[1550707200000,0],[1550793600000,0],[1551052800000,18],[1551139200000,17],[1551225600000,17],[1551312000000,17],[1551398400000,17],[1551657600000,17],[1551744000000,23],[1551830400000,23],[1551916800000,23],[1552003200000,23],[1552262400000,23],[1552348800000,26],[1552435200000,26],[1552521600000,26],[1552608000000,26],[1552867200000,26],[1552953600000,26],[1553040000000,26],[1553126400000,26],[1553212800000,26],[1553472000000,26],[1553558400000,26],[1553644800000,26],[1553731200000,26],[1553817600000,26],[1554076800000,26],[1554163200000,28],[1554249600000,28],[1554336000000,28],[1554422400000,28],[1554681600000,28],[1554768000000,28],[1554854400000,28],[1554940800000,28],[1555027200000,28],[1555286400000,0],[1555372800000,0],[1555459200000,28],[1555545600000,28],[1555891200000,28],[1555977600000,27],[1556064000000,27],[1556150400000,27],[1556236800000,27],[1556496000000,27],[1556582400000,27],[1556668800000,27],[1556755200000,27],[1556841600000,27],[1557100800000,27],[1557187200000,27],[1557273600000,27],[1557360000000,27],[1557446400000,0],[1557705600000,0],[1557792000000,0],[1557878400000,0],[1557964800000,0],[1558051200000,0],[1558310400000,0],[1558396800000,0],[1558483200000,0],[1558569600000,0],[1558656000000,0],[1559001600000,0],[1559088000000,0],[1559174400000,0],[1559260800000,0],[1559520000000,0],[1559606400000,0],[1559692800000,0],[1559779200000,0],[1559865600000,0],[1560124800000,0],[1560211200000,24],[1560297600000,24],[1560384000000,24],[1560470400000,24],[1560729600000,24],[1560816000000,25],[1560902400000,25],[1560988800000,25],[1561075200000,25],[1561334400000,25],[1561420800000,27],[1561507200000,27],[1561593600000,27],[1561680000000,27],[1561939200000,27],[1562025600000,27],[1562112000000,27],[1562284800000,27],[1562544000000,27],[1562630400000,27],[1562716800000,27],[1562803200000,27],[1562889600000,27],[1563148800000,27],[1563235200000,28],[1563321600000,28],[1563408000000,28],[1563494400000,0],[1563753600000,29],[1563840000000,0],[1563926400000,27],[1564012800000,27],[1564099200000,27],[1564358400000,0],[1564444800000,0],[1564531200000,0],[1564617600000,0],[1564704000000,0],[1564963200000,0],[1565049600000,0],[1565136000000,0],[1565222400000,0],[1565308800000,0],[1565568000000,0],[1565654400000,0],[1565740800000,0],[1565827200000,0],[1565913600000,0],[1566172800000,0],[1566259200000,22],[1566345600000,22],[1566432000000,22],[1566518400000,22],[1566777600000,0],[1566864000000,0],[1566950400000,19],[1567036800000,19],[1567123200000,19],[1567468800000,19],[1567555200000,19],[1567641600000,19],[1567728000000,19],[1567987200000,19],[1568073600000,25],[1568160000000,25],[1568246400000,25],[1568332800000,25],[1568592000000,25],[1568678400000,28],[1568764800000,28],[1568851200000,28],[1568937600000,28],[1569196800000,0],[1569283200000,0],[1569369600000,0],[1569456000000,0],[1569542400000,0],[1569801600000,0],[1569888000000,0],[1569974400000,0],[1570060800000,0],[1570147200000,0],[1570406400000,0],[1570492800000,0],[1570579200000,0]]}],"plotOptions":{"area":{"stacking":"normal"}}}